Component: ARM Compiler 6.15 Tool: armlink [5dd79300]

==============================================================================

Section Cross References

    program.o(MAINFUNCTION) refers to program.o(GLOBAL_VARIABLES) for FIRST_ELEMENT
    program.o(MAINFUNCTION) refers to program.o(ALLOCATION_TABLE) for AT_MEM
    program.o(MAINFUNCTION) refers to program.o(ARRAY_AREA) for LOG_MEM
    program.o(MAINFUNCTION) refers to program.o(DATA_AREA) for DATA_MEM
    startup_armcm0plus.o(STACK) refers (Special) to heapauxi.o(.text) for __use_two_region_memory
    startup_armcm0plus.o(HEAP) refers (Special) to heapauxi.o(.text) for __use_two_region_memory
    startup_armcm0plus.o(RESET) refers (Special) to heapauxi.o(.text) for __use_two_region_memory
    startup_armcm0plus.o(RESET) refers to startup_armcm0plus.o(STACK) for __initial_sp
    startup_armcm0plus.o(RESET) refers to startup_armcm0plus.o(.text) for Reset_Handler
    startup_armcm0plus.o(RESET) refers to program.o(MAINFUNCTION) for SysTick_Handler
    startup_armcm0plus.o(.text) refers (Special) to heapauxi.o(.text) for __use_two_region_memory
    startup_armcm0plus.o(.text) refers to system_armcm0plus.o(.text.SystemInit) for SystemInit
    startup_armcm0plus.o(.text) refers to program.o(MAINFUNCTION) for __main
    system_armcm0plus.o(.text.SystemCoreClockUpdate) refers to system_armcm0plus.o(.data.SystemCoreClock) for SystemCoreClock
    system_armcm0plus.o(.ARM.exidx.text.SystemCoreClockUpdate) refers to system_armcm0plus.o(.text.SystemCoreClockUpdate) for [Anonymous Symbol]
    system_armcm0plus.o(.text.SystemInit) refers to system_armcm0plus.o(.data.SystemCoreClock) for SystemCoreClock
    system_armcm0plus.o(.ARM.exidx.text.SystemInit) refers to system_armcm0plus.o(.text.SystemInit) for [Anonymous Symbol]


==============================================================================

Removing Unused input sections from the image.

    Removing program.o(IN_DATA_AREA), (56 bytes).
    Removing program.o(IN_DATA_FLAG_AREA), (56 bytes).
    Removing startup_armcm0plus.o(HEAP), (3072 bytes).
    Removing system_armcm0plus.o(.text), (0 bytes).
    Removing system_armcm0plus.o(.text.SystemCoreClockUpdate), (16 bytes).
    Removing system_armcm0plus.o(.ARM.exidx.text.SystemCoreClockUpdate), (8 bytes).
    Removing system_armcm0plus.o(.ARM.exidx.text.SystemInit), (8 bytes).

7 unused section(s) (total 3216 bytes) removed from the image.

==============================================================================

Image Symbol Table

    Local Symbols

    Symbol Name                              Value     Ov Type        Size  Object(Section)

    ../clib/heapaux.c                        0x00000000   Number         0  heapauxi.o ABSOLUTE
    RTE/Device/ARMCM0P/startup_ARMCM0plus.s  0x00000000   Number         0  startup_armcm0plus.o ABSOLUTE
    dc.s                                     0x00000000   Number         0  dc.o ABSOLUTE
    program.s                                0x00000000   Number         0  program.o ABSOLUTE
    system_ARMCM0plus.c                      0x00000000   Number         0  system_armcm0plus.o ABSOLUTE
    RESET                                    0x00000000   Section      192  startup_armcm0plus.o(RESET)
    .text                                    0x000000c0   Section       44  startup_armcm0plus.o(.text)
    .text                                    0x000000ec   Section        0  heapauxi.o(.text)
    [Anonymous Symbol]                       0x000000f4   Section        0  system_armcm0plus.o(.text.SystemInit)
    __arm_cp.1_0                             0x000000fc   Number         4  system_armcm0plus.o(.text.SystemInit)
    __arm_cp.1_1                             0x00000100   Number         4  system_armcm0plus.o(.text.SystemInit)
    MAINFUNCTION                             0x00000104   Section      292  program.o(MAINFUNCTION)
    Clear_Alloc                              0x0000014f   Thumb Code    20  program.o(MAINFUNCTION)
    Clear_ErrorLogs                          0x00000163   Thumb Code    20  program.o(MAINFUNCTION)
    Init_GlobVars                            0x00000177   Thumb Code    24  program.o(MAINFUNCTION)
    Malloc                                   0x0000018f   Thumb Code    64  program.o(MAINFUNCTION)
    AT_MEM                                   0x20000004   Data          80  program.o(ALLOCATION_TABLE)
    ALLOCATION_TABLE                         0x20000004   Section       80  program.o(ALLOCATION_TABLE)
    ARRAY_AREA                               0x20000054   Section    10240  program.o(ARRAY_AREA)
    LOG_MEM                                  0x20000a54   Data        7680  program.o(ARRAY_AREA)
    DATA_MEM                                 0x20002854   Data        5120  program.o(DATA_AREA)
    DATA_AREA                                0x20002854   Section     5120  program.o(DATA_AREA)
    TICK_COUNT                               0x20003c54   Data           4  program.o(GLOBAL_VARIABLES)
    GLOBAL_VARIABLES                         0x20003c54   Section       20  program.o(GLOBAL_VARIABLES)
    FIRST_ELEMENT                            0x20003c58   Data           4  program.o(GLOBAL_VARIABLES)
    INDEX_INPUT_DS                           0x20003c5c   Data           4  program.o(GLOBAL_VARIABLES)
    INDEX_ERROR_LOG                          0x20003c60   Data           4  program.o(GLOBAL_VARIABLES)
    PROGRAM_STATUS                           0x20003c64   Data           4  program.o(GLOBAL_VARIABLES)
    STACK                                    0x20003c68   Section     1024  startup_armcm0plus.o(STACK)

    Global Symbols

    Symbol Name                              Value     Ov Type        Size  Object(Section)

    BuildAttributes$$THM_ISAv3M$S$PE$A:L22$X:L11$S22$IEEE1$IW$~IW$USESV6$~STKCKD$USESV7$~SHL$OTIME$ROPI$EBA8$STANDARDLIB$REQ8$EABIv2 0x00000000   Number         0  anon$$obj.o ABSOLUTE
    __Vectors                                0x00000000   Data           4  startup_armcm0plus.o(RESET)
    Reset_Handler                            0x000000c1   Thumb Code     8  startup_armcm0plus.o(.text)
    __Vectors_End                            0x000000c0   Data           0  startup_armcm0plus.o(RESET)
    __Vectors_Size                           0x000000c0   Number         0  startup_armcm0plus.o ABSOLUTE
    HardFault_Handler                        0x000000c9   Thumb Code     2  startup_armcm0plus.o(.text)
    NMI_Handler                              0x000000cb   Thumb Code     2  startup_armcm0plus.o(.text)
    SVC_Handler                              0x000000cd   Thumb Code     2  startup_armcm0plus.o(.text)
    PendSV_Handler                           0x000000cf   Thumb Code     2  startup_armcm0plus.o(.text)
    Interrupt0_Handler                       0x000000d1   Thumb Code     2  startup_armcm0plus.o(.text)
    Interrupt1_Handler                       0x000000d3   Thumb Code     2  startup_armcm0plus.o(.text)
    Interrupt2_Handler                       0x000000d5   Thumb Code     2  startup_armcm0plus.o(.text)
    Interrupt3_Handler                       0x000000d7   Thumb Code     2  startup_armcm0plus.o(.text)
    Interrupt4_Handler                       0x000000d9   Thumb Code     2  startup_armcm0plus.o(.text)
    Interrupt5_Handler                       0x000000db   Thumb Code     2  startup_armcm0plus.o(.text)
    Interrupt6_Handler                       0x000000dd   Thumb Code     2  startup_armcm0plus.o(.text)
    Interrupt7_Handler                       0x000000df   Thumb Code     2  startup_armcm0plus.o(.text)
    Interrupt8_Handler                       0x000000e1   Thumb Code     2  startup_armcm0plus.o(.text)
    Interrupt9_Handler                       0x000000e3   Thumb Code     2  startup_armcm0plus.o(.text)
    __use_two_region_memory                  0x000000ed   Thumb Code     2  heapauxi.o(.text)
    __rt_heap_escrow$2region                 0x000000ef   Thumb Code     2  heapauxi.o(.text)
    __rt_heap_expand$2region                 0x000000f1   Thumb Code     2  heapauxi.o(.text)
    SystemInit                               0x000000f5   Thumb Code    16  system_armcm0plus.o(.text.SystemInit)
    __main                                   0x00000105   Thumb Code    26  program.o(MAINFUNCTION)
    SysTick_Handler                          0x0000011f   Thumb Code     8  program.o(MAINFUNCTION)
    SystemCoreClock                          0x20000000   Data           4  system_armcm0plus.o(.data.SystemCoreClock)
    __stack_limit                            0x20003c68   Data           0  startup_armcm0plus.o(STACK)
    __initial_sp                             0x20004068   Data           0  startup_armcm0plus.o(STACK)



==============================================================================

Memory Map of the image

  Image Entry point : 0x000000c1

  Load Region LR_1 (Base: 0x00000000, Size: 0x00003e90, Max: 0xffffffff, ABSOLUTE)

    Execution Region ER_RO (Exec base: 0x00000000, Load base: 0x00000000, Size: 0x00000228, Max: 0xffffffff, ABSOLUTE)

    Exec Addr    Load Addr    Size         Type   Attr      Idx    E Section Name        Object

    0x00000000   0x00000000   0x000000c0   Data   RO           15    RESET               startup_armcm0plus.o
    0x000000c0   0x000000c0   0x0000002c   Code   RO           16  * .text               startup_armcm0plus.o
    0x000000ec   0x000000ec   0x00000006   Code   RO           34    .text               c_p.l(heapauxi.o)
    0x000000f2   0x000000f2   0x00000002   PAD
    0x000000f4   0x000000f4   0x00000010   Code   RO           23    .text.SystemInit    system_armcm0plus.o
    0x00000104   0x00000104   0x00000124   Code   RO            7  * MAINFUNCTION        program.o


    Execution Region ER_RW (Exec base: 0x20000000, Load base: 0x00000228, Size: 0x00003c68, Max: 0xffffffff, ABSOLUTE)

    Exec Addr    Load Addr    Size         Type   Attr      Idx    E Section Name        Object

    0x20000000   0x00000228   0x00000004   Data   RW           25    .data.SystemCoreClock  system_armcm0plus.o
    0x20000004   0x0000022c   0x00000050   Data   RW            4    ALLOCATION_TABLE    program.o
    0x20000054   0x0000027c   0x00002800   Data   RW            6    ARRAY_AREA          program.o
    0x20002854   0x00002a7c   0x00001400   Data   RW            5    DATA_AREA           program.o
    0x20003c54   0x00003e7c   0x00000014   Data   RW            3    GLOBAL_VARIABLES    program.o


    Execution Region ER_ZI (Exec base: 0x20003c68, Load base: 0x00003e90, Size: 0x00000400, Max: 0xffffffff, ABSOLUTE)

    Exec Addr    Load Addr    Size         Type   Attr      Idx    E Section Name        Object

    0x20003c68        -       0x00000400   Zero   RW           13    STACK               startup_armcm0plus.o


==============================================================================

Image component sizes


      Code (inc. data)   RO Data    RW Data    ZI Data      Debug   Object Name

       292         56          0      15460          0        736   program.o
        44          8        192          0       1024        952   startup_armcm0plus.o
        16          8          0          4          0        657   system_armcm0plus.o

    ----------------------------------------------------------------------
       352         72        192      15464       1024       2345   Object Totals
         0          0          0          0          0          0   (incl. Generated)
         0          0          0          0          0          0   (incl. Padding)

    ----------------------------------------------------------------------

      Code (inc. data)   RO Data    RW Data    ZI Data      Debug   Library Member Name

         6          0          0          0          0        136   heapauxi.o

    ----------------------------------------------------------------------
         8          0          0          0          0        136   Library Totals
         2          0          0          0          0          0   (incl. Padding)

    ----------------------------------------------------------------------

      Code (inc. data)   RO Data    RW Data    ZI Data      Debug   Library Name

         6          0          0          0          0        136   c_p.l

    ----------------------------------------------------------------------
         8          0          0          0          0        136   Library Totals

    ----------------------------------------------------------------------

==============================================================================


      Code (inc. data)   RO Data    RW Data    ZI Data      Debug   

       360         72        192      15464       1024       2429   Grand Totals
       360         72        192      15464       1024       2429   ELF Image Totals
       360         72        192      15464          0          0   ROM Totals

==============================================================================

    Total RO  Size (Code + RO Data)                  552 (   0.54kB)
    Total RW  Size (RW Data + ZI Data)             16488 (  16.10kB)
    Total ROM Size (Code + RO Data + RW Data)      16016 (  15.64kB)

==============================================================================

